// Vitest Snapshot v1, https://vitest.dev/guide/snapshot.html

exports[`planSpread > 快照：固定 8 點混合案（防螺旋／分組回退） 1`] = `
{
  "offsets": [
    [
      "solo",
      {
        "dx": 0,
        "dy": 0,
      },
    ],
    [
      "s1",
      {
        "dx": 0,
        "dy": 0,
      },
    ],
    [
      "s2",
      {
        "dx": -31.28391203550579,
        "dy": 28.658626061881197,
      },
    ],
    [
      "s3",
      {
        "dx": 4.542773912949141,
        "dy": -51.762565674199614,
      },
    ],
    [
      "t1",
      {
        "dx": 0,
        "dy": 0,
      },
    ],
    [
      "t2",
      {
        "dx": -31.28391203550579,
        "dy": 28.658626061881197,
      },
    ],
    [
      "t3",
      {
        "dx": 4.542773912949141,
        "dy": -51.762565674199614,
      },
    ],
    [
      "t4",
      {
        "dx": 36.50633165873175,
        "dy": 47.61604507750176,
      },
    ],
  ],
  "stacks": [],
}
`;
